[0m19:05:40  Running with dbt=1.10.23
[0m19:05:40  This version of dbt is deprecated and no longer receives regular patches, including for known bugs. We recommend upgrading to a newer supported version of dbt: https://docs.getdbt.com/docs/dbt-versions
[0m19:05:40  Registered adapter: clickhouse=1.10.3
[0m19:05:41  Found 38 models, 124 data tests, 2 analyses, 31 sources, 551 macros
[0m19:05:41  
[0m19:05:41  Concurrency: 4 threads (target='sandbox')
[0m19:05:41  
[0m19:05:41  1 of 162 START sql view model `lsmb_analytics`.`stg_lsmb__accounts` ............ [RUN]
[0m19:05:41  2 of 162 START sql view model `lsmb_analytics`.`stg_lsmb__ap_invoices` ......... [RUN]
[0m19:05:41  3 of 162 START sql view model `lsmb_analytics`.`stg_lsmb__ar_invoices` ......... [RUN]
[0m19:05:41  4 of 162 START sql view model `lsmb_analytics`.`stg_lsmb__counterparties` ...... [RUN]
[0m19:05:41  1 of 162 OK created sql view model `lsmb_analytics`.`stg_lsmb__accounts` ....... [[32mOK[0m in 0.11s]
[0m19:05:41  5 of 162 START sql view model `lsmb_analytics`.`stg_lsmb__inventory_counts` .... [RUN]
[0m19:05:41  2 of 162 OK created sql view model `lsmb_analytics`.`stg_lsmb__ap_invoices` .... [[32mOK[0m in 0.13s]
[0m19:05:41  4 of 162 OK created sql view model `lsmb_analytics`.`stg_lsmb__counterparties` . [[32mOK[0m in 0.13s]
[0m19:05:41  3 of 162 OK created sql view model `lsmb_analytics`.`stg_lsmb__ar_invoices` .... [[32mOK[0m in 0.14s]
[0m19:05:41  6 of 162 START sql view model `lsmb_analytics`.`stg_lsmb__invoice_lines` ....... [RUN]
[0m19:05:41  7 of 162 START sql view model `lsmb_analytics`.`stg_lsmb__journal_lines` ....... [RUN]
[0m19:05:41  8 of 162 START sql view model `lsmb_analytics`.`stg_lsmb__order_lines` ......... [RUN]
[0m19:05:41  5 of 162 OK created sql view model `lsmb_analytics`.`stg_lsmb__inventory_counts`  [[32mOK[0m in 0.06s]
[0m19:05:41  6 of 162 OK created sql view model `lsmb_analytics`.`stg_lsmb__invoice_lines` .. [[32mOK[0m in 0.04s]
[0m19:05:41  9 of 162 START sql view model `lsmb_analytics`.`stg_lsmb__parts` ............... [RUN]
[0m19:05:41  10 of 162 START sql view model `lsmb_analytics`.`stg_lsmb__payments` ........... [RUN]
[0m19:05:41  8 of 162 OK created sql view model `lsmb_analytics`.`stg_lsmb__order_lines` .... [[32mOK[0m in 0.05s]
[0m19:05:41  7 of 162 OK created sql view model `lsmb_analytics`.`stg_lsmb__journal_lines` .. [[32mOK[0m in 0.06s]
[0m19:05:41  11 of 162 START sql view model `lsmb_analytics`.`stg_lsmb__sales_orders` ....... [RUN]
[0m19:05:41  12 of 162 START sql view model `lsmb_analytics`.`stg_lsmb__transactions` ....... [RUN]
[0m19:05:41  10 of 162 OK created sql view model `lsmb_analytics`.`stg_lsmb__payments` ...... [[32mOK[0m in 0.05s]
[0m19:05:41  9 of 162 OK created sql view model `lsmb_analytics`.`stg_lsmb__parts` .......... [[32mOK[0m in 0.06s]
[0m19:05:41  13 of 162 START test accepted_values_stg_lsmb__accounts_account_category__A__L__Q__I__E  [RUN]
[0m19:05:41  14 of 162 START test equal_rowcount_to_source_stg_lsmb__accounts_lsmb_raw__account  [RUN]
[0m19:05:41  11 of 162 OK created sql view model `lsmb_analytics`.`stg_lsmb__sales_orders` .. [[32mOK[0m in 0.05s]
[0m19:05:41  12 of 162 OK created sql view model `lsmb_analytics`.`stg_lsmb__transactions` .. [[32mOK[0m in 0.05s]
[0m19:05:41  15 of 162 START test not_null_stg_lsmb__accounts_account_category .............. [RUN]
[0m19:05:41  16 of 162 START test not_null_stg_lsmb__accounts_account_id .................... [RUN]
[0m19:05:41  13 of 162 PASS accepted_values_stg_lsmb__accounts_account_category__A__L__Q__I__E  [[32mPASS[0m in 0.08s]
[0m19:05:41  14 of 162 PASS equal_rowcount_to_source_stg_lsmb__accounts_lsmb_raw__account ... [[32mPASS[0m in 0.08s]
[0m19:05:41  17 of 162 START test not_null_stg_lsmb__accounts_account_number ................ [RUN]
[0m19:05:41  18 of 162 START test unique_stg_lsmb__accounts_account_id ...................... [RUN]
[0m19:05:41  16 of 162 PASS not_null_stg_lsmb__accounts_account_id .......................... [[32mPASS[0m in 0.05s]
[0m19:05:41  15 of 162 PASS not_null_stg_lsmb__accounts_account_category .................... [[32mPASS[0m in 0.05s]
[0m19:05:41  19 of 162 START test unique_stg_lsmb__accounts_account_number .................. [RUN]
[0m19:05:41  20 of 162 START test equal_rowcount_to_source_stg_lsmb__ap_invoices_lsmb_raw__ap  [RUN]
[0m19:05:41  17 of 162 PASS not_null_stg_lsmb__accounts_account_number ...................... [[32mPASS[0m in 0.04s]
[0m19:05:41  18 of 162 PASS unique_stg_lsmb__accounts_account_id ............................ [[32mPASS[0m in 0.04s]
[0m19:05:42  21 of 162 START test not_null_stg_lsmb__ap_invoices_transaction_id ............. [RUN]
[0m19:05:42  22 of 162 START test unique_stg_lsmb__ap_invoices_transaction_id ............... [RUN]
[0m19:05:42  20 of 162 PASS equal_rowcount_to_source_stg_lsmb__ap_invoices_lsmb_raw__ap ..... [[32mPASS[0m in 0.04s]
[0m19:05:42  19 of 162 PASS unique_stg_lsmb__accounts_account_number ........................ [[32mPASS[0m in 0.05s]
[0m19:05:42  23 of 162 START test accepted_values_stg_lsmb__counterparties_counterparty_type__customer__vendor  [RUN]
[0m19:05:42  24 of 162 START test equal_rowcount_to_source_stg_lsmb__counterparties_lsmb_raw__entity_credit_account  [RUN]
[0m19:05:42  22 of 162 PASS unique_stg_lsmb__ap_invoices_transaction_id ..................... [[32mPASS[0m in 0.11s]
[0m19:05:42  21 of 162 PASS not_null_stg_lsmb__ap_invoices_transaction_id ................... [[32mPASS[0m in 0.12s]
[0m19:05:42  25 of 162 START test not_null_stg_lsmb__counterparties_counterparty_id ......... [RUN]
[0m19:05:42  26 of 162 START test relationships_stg_lsmb__ap_invoices_counterparty_id__counterparty_id__ref_stg_lsmb__counterparties_  [RUN]
[0m19:05:42  23 of 162 PASS accepted_values_stg_lsmb__counterparties_counterparty_type__customer__vendor  [[32mPASS[0m in 0.12s]
[0m19:05:42  27 of 162 START test unique_stg_lsmb__counterparties_counterparty_id ........... [RUN]
[0m19:05:42  24 of 162 PASS equal_rowcount_to_source_stg_lsmb__counterparties_lsmb_raw__entity_credit_account  [[32mPASS[0m in 0.13s]
[0m19:05:42  28 of 162 START test equal_rowcount_to_source_stg_lsmb__ar_invoices_lsmb_raw__ar  [RUN]
[0m19:05:42  25 of 162 PASS not_null_stg_lsmb__counterparties_counterparty_id ............... [[32mPASS[0m in 0.04s]
[0m19:05:42  26 of 162 PASS relationships_stg_lsmb__ap_invoices_counterparty_id__counterparty_id__ref_stg_lsmb__counterparties_  [[32mPASS[0m in 0.05s]
[0m19:05:42  29 of 162 START test expression_is_true_stg_lsmb__ar_invoices_due_date_invoice_date  [RUN]
[0m19:05:42  30 of 162 START test non_negative_stg_lsmb__ar_invoices_gross_amount ........... [RUN]
[0m19:05:42  27 of 162 PASS unique_stg_lsmb__counterparties_counterparty_id ................. [[32mPASS[0m in 0.04s]
[0m19:05:42  28 of 162 PASS equal_rowcount_to_source_stg_lsmb__ar_invoices_lsmb_raw__ar ..... [[32mPASS[0m in 0.04s]
[0m19:05:42  31 of 162 START test not_null_stg_lsmb__ar_invoices_counterparty_id ............ [RUN]
[0m19:05:42  32 of 162 START test not_null_stg_lsmb__ar_invoices_invoice_number ............. [RUN]
[0m19:05:42  29 of 162 PASS expression_is_true_stg_lsmb__ar_invoices_due_date_invoice_date .. [[32mPASS[0m in 0.05s]
[0m19:05:42  30 of 162 PASS non_negative_stg_lsmb__ar_invoices_gross_amount ................. [[32mPASS[0m in 0.05s]
[0m19:05:42  33 of 162 START test not_null_stg_lsmb__ar_invoices_transaction_id ............. [RUN]
[0m19:05:42  34 of 162 START test relationships_stg_lsmb__ar_invoices_counterparty_id__counterparty_id__ref_stg_lsmb__counterparties_  [RUN]
[0m19:05:42  31 of 162 PASS not_null_stg_lsmb__ar_invoices_counterparty_id .................. [[32mPASS[0m in 0.04s]
[0m19:05:42  32 of 162 PASS not_null_stg_lsmb__ar_invoices_invoice_number ................... [[32mPASS[0m in 0.04s]
[0m19:05:42  35 of 162 START test unique_stg_lsmb__ar_invoices_invoice_number ............... [RUN]
[0m19:05:42  36 of 162 START test unique_stg_lsmb__ar_invoices_transaction_id ............... [RUN]
[0m19:05:42  33 of 162 PASS not_null_stg_lsmb__ar_invoices_transaction_id ................... [[32mPASS[0m in 0.04s]
[0m19:05:42  34 of 162 PASS relationships_stg_lsmb__ar_invoices_counterparty_id__counterparty_id__ref_stg_lsmb__counterparties_  [[32mPASS[0m in 0.04s]
[0m19:05:42  37 of 162 START test not_null_stg_lsmb__inventory_counts_part_id ............... [RUN]
[0m19:05:42  38 of 162 START test equal_rowcount_to_source_stg_lsmb__invoice_lines_lsmb_raw__invoice  [RUN]
[0m19:05:42  35 of 162 PASS unique_stg_lsmb__ar_invoices_invoice_number ..................... [[32mPASS[0m in 0.04s]
[0m19:05:42  36 of 162 PASS unique_stg_lsmb__ar_invoices_transaction_id ..................... [[32mPASS[0m in 0.04s]
[0m19:05:42  39 of 162 START test non_negative_stg_lsmb__invoice_lines_quantity ............. [RUN]
[0m19:05:42  40 of 162 START test not_null_stg_lsmb__invoice_lines_invoice_line_id .......... [RUN]
[0m19:05:42  37 of 162 PASS not_null_stg_lsmb__inventory_counts_part_id ..................... [[32mPASS[0m in 0.04s]
[0m19:05:42  38 of 162 PASS equal_rowcount_to_source_stg_lsmb__invoice_lines_lsmb_raw__invoice  [[32mPASS[0m in 0.04s]
[0m19:05:42  41 of 162 START test unique_stg_lsmb__invoice_lines_invoice_line_id ............ [RUN]
[0m19:05:42  42 of 162 START test non_negative_stg_lsmb__order_lines_ordered_quantity ....... [RUN]
[0m19:05:42  40 of 162 PASS not_null_stg_lsmb__invoice_lines_invoice_line_id ................ [[32mPASS[0m in 0.04s]
[0m19:05:42  39 of 162 PASS non_negative_stg_lsmb__invoice_lines_quantity ................... [[32mPASS[0m in 0.04s]
[0m19:05:42  43 of 162 START test not_null_stg_lsmb__order_lines_order_line_id .............. [RUN]
[0m19:05:42  44 of 162 START test unique_stg_lsmb__order_lines_order_line_id ................ [RUN]
[0m19:05:42  42 of 162 PASS non_negative_stg_lsmb__order_lines_ordered_quantity ............. [[32mPASS[0m in 0.04s]
[0m19:05:42  41 of 162 PASS unique_stg_lsmb__invoice_lines_invoice_line_id .................. [[32mPASS[0m in 0.04s]
[0m19:05:42  45 of 162 START test equal_rowcount_to_source_stg_lsmb__journal_lines_lsmb_raw__acc_trans  [RUN]
[0m19:05:42  46 of 162 START test expression_is_true_stg_lsmb__journal_lines_debit_amount_0_or_credit_amount_0  [RUN]
[0m19:05:42  43 of 162 PASS not_null_stg_lsmb__order_lines_order_line_id .................... [[32mPASS[0m in 0.04s]
[0m19:05:42  44 of 162 PASS unique_stg_lsmb__order_lines_order_line_id ...................... [[32mPASS[0m in 0.04s]
[0m19:05:42  47 of 162 START test non_negative_stg_lsmb__journal_lines_credit_amount ........ [RUN]
[0m19:05:42  48 of 162 START test non_negative_stg_lsmb__journal_lines_debit_amount ......... [RUN]
[0m19:05:42  45 of 162 PASS equal_rowcount_to_source_stg_lsmb__journal_lines_lsmb_raw__acc_trans  [[32mPASS[0m in 0.04s]
[0m19:05:42  46 of 162 PASS expression_is_true_stg_lsmb__journal_lines_debit_amount_0_or_credit_amount_0  [[32mPASS[0m in 0.04s]
[0m19:05:42  49 of 162 START test not_null_stg_lsmb__journal_lines_account_id ............... [RUN]
[0m19:05:42  50 of 162 START test not_null_stg_lsmb__journal_lines_journal_line_id .......... [RUN]
[0m19:05:42  47 of 162 PASS non_negative_stg_lsmb__journal_lines_credit_amount .............. [[32mPASS[0m in 0.04s]
[0m19:05:42  48 of 162 PASS non_negative_stg_lsmb__journal_lines_debit_amount ............... [[32mPASS[0m in 0.04s]
[0m19:05:42  51 of 162 START test not_null_stg_lsmb__journal_lines_transaction_id ........... [RUN]
[0m19:05:42  52 of 162 START test relationships_stg_lsmb__journal_lines_account_id__account_id__ref_stg_lsmb__accounts_  [RUN]
[0m19:05:42  49 of 162 PASS not_null_stg_lsmb__journal_lines_account_id ..................... [[32mPASS[0m in 0.04s]
[0m19:05:42  50 of 162 PASS not_null_stg_lsmb__journal_lines_journal_line_id ................ [[32mPASS[0m in 0.04s]
[0m19:05:42  53 of 162 START test unique_stg_lsmb__journal_lines_journal_line_id ............ [RUN]
[0m19:05:42  54 of 162 START test accepted_values_stg_lsmb__payments_payment_direction__receipt__disbursement  [RUN]
[0m19:05:42  51 of 162 PASS not_null_stg_lsmb__journal_lines_transaction_id ................. [[32mPASS[0m in 0.04s]
[0m19:05:42  55 of 162 START test not_null_stg_lsmb__payments_payment_id .................... [RUN]
[0m19:05:42  52 of 162 PASS relationships_stg_lsmb__journal_lines_account_id__account_id__ref_stg_lsmb__accounts_  [[32mPASS[0m in 0.05s]
[0m19:05:42  56 of 162 START test unique_stg_lsmb__payments_payment_id ...................... [RUN]
[0m19:05:42  53 of 162 PASS unique_stg_lsmb__journal_lines_journal_line_id .................. [[32mPASS[0m in 0.04s]
[0m19:05:42  54 of 162 PASS accepted_values_stg_lsmb__payments_payment_direction__receipt__disbursement  [[32mPASS[0m in 0.05s]
[0m19:05:42  57 of 162 START test equal_rowcount_to_source_stg_lsmb__parts_lsmb_raw__parts .. [RUN]
[0m19:05:42  58 of 162 START test non_negative_stg_lsmb__parts_on_hand_quantity ............. [RUN]
[0m19:05:42  55 of 162 PASS not_null_stg_lsmb__payments_payment_id .......................... [[32mPASS[0m in 0.05s]
[0m19:05:42  56 of 162 PASS unique_stg_lsmb__payments_payment_id ............................ [[32mPASS[0m in 0.04s]
[0m19:05:42  59 of 162 START test not_null_stg_lsmb__parts_part_id .......................... [RUN]
[0m19:05:42  60 of 162 START test not_null_stg_lsmb__parts_part_number ...................... [RUN]
[0m19:05:42  58 of 162 PASS non_negative_stg_lsmb__parts_on_hand_quantity ................... [[32mPASS[0m in 0.04s]
[0m19:05:42  61 of 162 START test relationships_stg_lsmb__inventory_counts_part_id__part_id__ref_stg_lsmb__parts_  [RUN]
[0m19:05:42  57 of 162 PASS equal_rowcount_to_source_stg_lsmb__parts_lsmb_raw__parts ........ [[32mPASS[0m in 0.05s]
[0m19:05:42  62 of 162 START test relationships_stg_lsmb__invoice_lines_part_id__part_id__ref_stg_lsmb__parts_  [RUN]
[0m19:05:42  59 of 162 PASS not_null_stg_lsmb__parts_part_id ................................ [[32mPASS[0m in 0.04s]
[0m19:05:42  60 of 162 PASS not_null_stg_lsmb__parts_part_number ............................ [[32mPASS[0m in 0.05s]
[0m19:05:42  63 of 162 START test unique_stg_lsmb__parts_part_id ............................ [RUN]
[0m19:05:42  64 of 162 START test unique_stg_lsmb__parts_part_number ........................ [RUN]
[0m19:05:42  61 of 162 PASS relationships_stg_lsmb__inventory_counts_part_id__part_id__ref_stg_lsmb__parts_  [[32mPASS[0m in 0.05s]
[0m19:05:42  65 of 162 START test not_null_stg_lsmb__sales_orders_order_id .................. [RUN]
[0m19:05:42  62 of 162 PASS relationships_stg_lsmb__invoice_lines_part_id__part_id__ref_stg_lsmb__parts_  [[32mPASS[0m in 0.05s]
[0m19:05:42  66 of 162 START test unique_stg_lsmb__sales_orders_order_id .................... [RUN]
[0m19:05:42  63 of 162 PASS unique_stg_lsmb__parts_part_id .................................. [[32mPASS[0m in 0.05s]
[0m19:05:42  64 of 162 PASS unique_stg_lsmb__parts_part_number .............................. [[32mPASS[0m in 0.05s]
[0m19:05:42  67 of 162 START test accepted_values_stg_lsmb__transactions_transaction_type_code__ar__ap__gl__pa__ia__op__up__as__ye__fa__fd__oa  [RUN]
[0m19:05:42  68 of 162 START test equal_rowcount_to_source_stg_lsmb__transactions_lsmb_raw__transactions  [RUN]
[0m19:05:42  65 of 162 PASS not_null_stg_lsmb__sales_orders_order_id ........................ [[32mPASS[0m in 0.13s]
[0m19:05:42  66 of 162 PASS unique_stg_lsmb__sales_orders_order_id .......................... [[32mPASS[0m in 0.13s]
[0m19:05:42  69 of 162 START test not_null_stg_lsmb__transactions_transaction_id ............ [RUN]
[0m19:05:42  70 of 162 START test not_null_stg_lsmb__transactions_transaction_type_code ..... [RUN]
[0m19:05:42  67 of 162 PASS accepted_values_stg_lsmb__transactions_transaction_type_code__ar__ap__gl__pa__ia__op__up__as__ye__fa__fd__oa  [[32mPASS[0m in 0.05s]
[0m19:05:42  68 of 162 PASS equal_rowcount_to_source_stg_lsmb__transactions_lsmb_raw__transactions  [[32mPASS[0m in 0.05s]
[0m19:05:42  71 of 162 START test relationships_stg_lsmb__journal_lines_transaction_id__transaction_id__ref_stg_lsmb__transactions_  [RUN]
[0m19:05:42  72 of 162 START test unique_stg_lsmb__transactions_transaction_id .............. [RUN]
[0m19:05:42  69 of 162 PASS not_null_stg_lsmb__transactions_transaction_id .................. [[32mPASS[0m in 0.05s]
[0m19:05:42  70 of 162 PASS not_null_stg_lsmb__transactions_transaction_type_code ........... [[32mPASS[0m in 0.05s]
[0m19:05:42  73 of 162 START sql table model `lsmb_analytics`.`dim_account` ................. [RUN]
[0m19:05:42  74 of 162 START sql table model `lsmb_analytics`.`dim_counterparty` ............ [RUN]
[0m19:05:42  72 of 162 PASS unique_stg_lsmb__transactions_transaction_id .................... [[32mPASS[0m in 0.04s]
[0m19:05:42  71 of 162 PASS relationships_stg_lsmb__journal_lines_transaction_id__transaction_id__ref_stg_lsmb__transactions_  [[32mPASS[0m in 0.04s]
[0m19:05:42  75 of 162 START sql table model `lsmb_analytics`.`int_purchase_lines` .......... [RUN]
[0m19:05:42  76 of 162 START sql table model `lsmb_analytics`.`dim_date` .................... [RUN]
[0m19:05:43  73 of 162 OK created sql table model `lsmb_analytics`.`dim_account` ............ [[32mOK[0m in 0.17s]
[0m19:05:43  74 of 162 OK created sql table model `lsmb_analytics`.`dim_counterparty` ....... [[32mOK[0m in 0.18s]
[0m19:05:43  77 of 162 START sql table model `lsmb_analytics`.`dim_part` .................... [RUN]
[0m19:05:43  75 of 162 OK created sql table model `lsmb_analytics`.`int_purchase_lines` ..... [[32mOK[0m in 0.10s]
[0m19:05:43  78 of 162 START sql table model `lsmb_analytics`.`int_journal_lines_enriched` .. [RUN]
[0m19:05:43  79 of 162 START test not_null_dim_account_account_id ........................... [RUN]
[0m19:05:43  76 of 162 OK created sql table model `lsmb_analytics`.`dim_date` ............... [[32mOK[0m in 0.12s]
[0m19:05:43  80 of 162 START test unique_dim_account_account_id ............................. [RUN]
[0m19:05:43  79 of 162 PASS not_null_dim_account_account_id ................................. [[32mPASS[0m in 0.05s]
[0m19:05:43  81 of 162 START test not_null_dim_counterparty_counterparty_id ................. [RUN]
[0m19:05:43  80 of 162 PASS unique_dim_account_account_id ................................... [[32mPASS[0m in 0.04s]
[0m19:05:43  82 of 162 START test unique_dim_counterparty_counterparty_id ................... [RUN]
[0m19:05:43  77 of 162 OK created sql table model `lsmb_analytics`.`dim_part` ............... [[32mOK[0m in 0.09s]
[0m19:05:43  83 of 162 START test not_null_int_purchase_lines_invoice_line_id ............... [RUN]
[0m19:05:43  81 of 162 PASS not_null_dim_counterparty_counterparty_id ....................... [[32mPASS[0m in 0.04s]
[0m19:05:43  84 of 162 START test unique_int_purchase_lines_invoice_line_id ................. [RUN]
[0m19:05:43  82 of 162 PASS unique_dim_counterparty_counterparty_id ......................... [[32mPASS[0m in 0.04s]
[0m19:05:43  85 of 162 START test not_null_dim_date_date_day ................................ [RUN]
[0m19:05:43  83 of 162 PASS not_null_int_purchase_lines_invoice_line_id ..................... [[32mPASS[0m in 0.04s]
[0m19:05:43  84 of 162 PASS unique_int_purchase_lines_invoice_line_id ....................... [[32mPASS[0m in 0.03s]
[0m19:05:43  86 of 162 START test unique_dim_date_date_day .................................. [RUN]
[0m19:05:43  78 of 162 OK created sql table model `lsmb_analytics`.`int_journal_lines_enriched`  [[32mOK[0m in 0.15s]
[0m19:05:43  87 of 162 START test not_null_dim_part_part_id ................................. [RUN]
[0m19:05:43  88 of 162 START test unique_dim_part_part_id ................................... [RUN]
[0m19:05:43  85 of 162 PASS not_null_dim_date_date_day ...................................... [[32mPASS[0m in 0.04s]
[0m19:05:43  89 of 162 START sql table model `lsmb_analytics`.`mart_order_backlog` .......... [RUN]
[0m19:05:43  86 of 162 PASS unique_dim_date_date_day ........................................ [[32mPASS[0m in 0.04s]
[0m19:05:43  87 of 162 PASS not_null_dim_part_part_id ....................................... [[32mPASS[0m in 0.04s]
[0m19:05:43  90 of 162 START test not_null_int_journal_lines_enriched_journal_line_id ....... [RUN]
[0m19:05:43  88 of 162 PASS unique_dim_part_part_id ......................................... [[32mPASS[0m in 0.04s]
[0m19:05:43  91 of 162 START test unique_int_journal_lines_enriched_journal_line_id ......... [RUN]
[0m19:05:43  92 of 162 START sql table model `lsmb_analytics`.`fct_purchase_lines` .......... [RUN]
[0m19:05:43  90 of 162 PASS not_null_int_journal_lines_enriched_journal_line_id ............. [[32mPASS[0m in 0.05s]
[0m19:05:43  93 of 162 START sql table model `lsmb_analytics`.`mart_stock_count_variance` ... [RUN]
[0m19:05:43  91 of 162 PASS unique_int_journal_lines_enriched_journal_line_id ............... [[32mPASS[0m in 0.05s]
[0m19:05:43  94 of 162 START sql table model `lsmb_analytics`.`fct_journal_lines` ........... [RUN]
[0m19:05:43  89 of 162 OK created sql table model `lsmb_analytics`.`mart_order_backlog` ..... [[32mOK[0m in 0.10s]
[0m19:05:43  95 of 162 START sql table model `lsmb_analytics`.`int_open_item_balances` ...... [RUN]
[0m19:05:43  92 of 162 OK created sql table model `lsmb_analytics`.`fct_purchase_lines` ..... [[32mOK[0m in 0.18s]
[0m19:05:43  96 of 162 START sql table model `lsmb_analytics`.`int_sales_lines` ............. [RUN]
[0m19:05:43  93 of 162 OK created sql table model `lsmb_analytics`.`mart_stock_count_variance`  [[32mOK[0m in 0.18s]
[0m19:05:43  97 of 162 START test not_null_mart_order_backlog_order_id ...................... [RUN]
[0m19:05:43  95 of 162 OK created sql table model `lsmb_analytics`.`int_open_item_balances` . [[32mOK[0m in 0.09s]
[0m19:05:43  97 of 162 PASS not_null_mart_order_backlog_order_id ............................ [[32mPASS[0m in 0.03s]
[0m19:05:43  98 of 162 START test unique_mart_order_backlog_order_id ........................ [RUN]
[0m19:05:43  99 of 162 START test not_null_fct_purchase_lines_invoice_line_id ............... [RUN]
[0m19:05:43  98 of 162 PASS unique_mart_order_backlog_order_id .............................. [[32mPASS[0m in 0.03s]
[0m19:05:43  99 of 162 PASS not_null_fct_purchase_lines_invoice_line_id ..................... [[32mPASS[0m in 0.04s]
[0m19:05:43  100 of 162 START test unique_fct_purchase_lines_invoice_line_id ................ [RUN]
[0m19:05:43  101 of 162 START test accepted_values_int_open_item_balances_ledger__AR__AP .... [RUN]
[0m19:05:43  101 of 162 PASS accepted_values_int_open_item_balances_ledger__AR__AP .......... [[32mPASS[0m in 0.02s]
[0m19:05:43  100 of 162 PASS unique_fct_purchase_lines_invoice_line_id ...................... [[32mPASS[0m in 0.03s]
[0m19:05:43  102 of 162 START test not_null_int_open_item_balances_open_item_id ............. [RUN]
[0m19:05:43  103 of 162 START test unique_int_open_item_balances_open_item_id ............... [RUN]
[0m19:05:43  102 of 162 PASS not_null_int_open_item_balances_open_item_id ................... [[32mPASS[0m in 0.02s]
[0m19:05:43  104 of 162 START sql table model `lsmb_analytics`.`mart_supplier_spend_monthly`  [RUN]
[0m19:05:43  103 of 162 PASS unique_int_open_item_balances_open_item_id ..................... [[32mPASS[0m in 0.02s]
[0m19:05:43  105 of 162 START sql table model `lsmb_analytics`.`mart_ap_aging` .............. [RUN]
[0m19:05:44  96 of 162 OK created sql table model `lsmb_analytics`.`int_sales_lines` ........ [[32mOK[0m in 0.11s]
[0m19:05:44  104 of 162 OK created sql table model `lsmb_analytics`.`mart_supplier_spend_monthly`  [[32mOK[0m in 0.05s]
[0m19:05:44  105 of 162 OK created sql table model `lsmb_analytics`.`mart_ap_aging` ......... [[32mOK[0m in 0.05s]
[0m19:05:44  94 of 162 OK created sql table model `lsmb_analytics`.`fct_journal_lines` ...... [[32mOK[0m in 0.21s]
[0m19:05:44  106 of 162 START sql table model `lsmb_analytics`.`mart_ar_aging` .............. [RUN]
[0m19:05:44  107 of 162 START test non_negative_int_sales_lines_cogs ........................ [RUN]
[0m19:05:44  108 of 162 START test non_negative_int_sales_lines_revenue ..................... [RUN]
[0m19:05:44  109 of 162 START test not_null_int_sales_lines_invoice_line_id ................. [RUN]
[0m19:05:44  107 of 162 PASS non_negative_int_sales_lines_cogs .............................. [[32mPASS[0m in 0.04s]
[0m19:05:44  108 of 162 PASS non_negative_int_sales_lines_revenue ........................... [[32mPASS[0m in 0.04s]
[0m19:05:44  109 of 162 PASS not_null_int_sales_lines_invoice_line_id ....................... [[32mPASS[0m in 0.04s]
[0m19:05:44  110 of 162 START test unique_int_sales_lines_invoice_line_id ................... [RUN]
[0m19:05:44  111 of 162 START test not_null_mart_ap_aging_vendor_id ......................... [RUN]
[0m19:05:44  112 of 162 START test unique_mart_ap_aging_vendor_id ........................... [RUN]
[0m19:05:44  110 of 162 PASS unique_int_sales_lines_invoice_line_id ......................... [[32mPASS[0m in 0.04s]
[0m19:05:44  111 of 162 PASS not_null_mart_ap_aging_vendor_id ............................... [[32mPASS[0m in 0.04s]
[0m19:05:44  112 of 162 PASS unique_mart_ap_aging_vendor_id ................................. [[32mPASS[0m in 0.04s]
[0m19:05:44  106 of 162 OK created sql table model `lsmb_analytics`.`mart_ar_aging` ......... [[32mOK[0m in 0.10s]
[0m19:05:44  113 of 162 START test assert_every_transaction_balances ........................ [RUN]
[0m19:05:44  114 of 162 START test assert_stock_variance_posted_to_gl ....................... [RUN]
[0m19:05:44  115 of 162 START test not_null_fct_journal_lines_journal_line_id ............... [RUN]
[0m19:05:44  116 of 162 START test relationships_fct_journal_lines_account_id__account_id__ref_dim_account_  [RUN]
[0m19:05:44  115 of 162 PASS not_null_fct_journal_lines_journal_line_id ..................... [[32mPASS[0m in 0.04s]
[0m19:05:44  116 of 162 PASS relationships_fct_journal_lines_account_id__account_id__ref_dim_account_  [[32mPASS[0m in 0.03s]
[0m19:05:44  113 of 162 PASS assert_every_transaction_balances .............................. [[32mPASS[0m in 0.04s]
[0m19:05:44  117 of 162 START test unique_fct_journal_lines_journal_line_id ................. [RUN]
[0m19:05:44  114 of 162 PASS assert_stock_variance_posted_to_gl ............................. [[32mPASS[0m in 0.05s]
[0m19:05:44  118 of 162 START sql table model `lsmb_analytics`.`fct_sales_lines` ............ [RUN]
[0m19:05:44  119 of 162 START test non_negative_mart_ar_aging_total_open .................... [RUN]
[0m19:05:44  120 of 162 START test not_null_mart_ar_aging_customer_id ....................... [RUN]
[0m19:05:44  120 of 162 PASS not_null_mart_ar_aging_customer_id ............................. [[32mPASS[0m in 0.04s]
[0m19:05:44  119 of 162 PASS non_negative_mart_ar_aging_total_open .......................... [[32mPASS[0m in 0.04s]
[0m19:05:44  117 of 162 PASS unique_fct_journal_lines_journal_line_id ....................... [[32mPASS[0m in 0.05s]
[0m19:05:44  121 of 162 START test unique_mart_ar_aging_customer_id ......................... [RUN]
[0m19:05:44  122 of 162 START sql table model `lsmb_analytics`.`mart_cash_flow_monthly` ..... [RUN]
[0m19:05:44  123 of 162 START sql table model `lsmb_analytics`.`mart_income_statement_monthly`  [RUN]
[0m19:05:44  121 of 162 PASS unique_mart_ar_aging_customer_id ............................... [[32mPASS[0m in 0.04s]
[0m19:05:44  124 of 162 START sql table model `lsmb_analytics`.`mart_trial_balance_monthly` . [RUN]
[0m19:05:44  118 of 162 OK created sql table model `lsmb_analytics`.`fct_sales_lines` ....... [[32mOK[0m in 0.11s]
[0m19:05:44  125 of 162 START test assert_sales_cogs_ties_to_gl ............................. [RUN]
[0m19:05:44  125 of 162 PASS assert_sales_cogs_ties_to_gl ................................... [[32mPASS[0m in 0.11s]
[0m19:05:44  122 of 162 OK created sql table model `lsmb_analytics`.`mart_cash_flow_monthly`  [[32mOK[0m in 0.18s]
[0m19:05:44  126 of 162 START test assert_sales_revenue_ties_to_gl .......................... [RUN]
[0m19:05:44  127 of 162 START test not_null_fct_sales_lines_invoice_line_id ................. [RUN]
[0m19:05:44  123 of 162 OK created sql table model `lsmb_analytics`.`mart_income_statement_monthly`  [[32mOK[0m in 0.20s]
[0m19:05:44  128 of 162 START test relationships_fct_sales_lines_customer_id__counterparty_id__ref_dim_counterparty_  [RUN]
[0m19:05:44  126 of 162 PASS assert_sales_revenue_ties_to_gl ................................ [[32mPASS[0m in 0.04s]
[0m19:05:44  127 of 162 PASS not_null_fct_sales_lines_invoice_line_id ....................... [[32mPASS[0m in 0.05s]
[0m19:05:44  129 of 162 START test relationships_fct_sales_lines_part_id__part_id__ref_dim_part_  [RUN]
[0m19:05:44  130 of 162 START test unique_fct_sales_lines_invoice_line_id ................... [RUN]
[0m19:05:44  124 of 162 OK created sql table model `lsmb_analytics`.`mart_trial_balance_monthly`  [[32mOK[0m in 0.19s]
[0m19:05:44  128 of 162 PASS relationships_fct_sales_lines_customer_id__counterparty_id__ref_dim_counterparty_  [[32mPASS[0m in 0.05s]
[0m19:05:44  131 of 162 START test not_null_mart_cash_flow_monthly_month_start .............. [RUN]
[0m19:05:44  132 of 162 START test unique_mart_cash_flow_monthly_month_start ................ [RUN]
[0m19:05:44  129 of 162 PASS relationships_fct_sales_lines_part_id__part_id__ref_dim_part_ .. [[32mPASS[0m in 0.04s]
[0m19:05:44  133 of 162 START test non_negative_mart_income_statement_monthly_revenue ....... [RUN]
[0m19:05:44  131 of 162 PASS not_null_mart_cash_flow_monthly_month_start .................... [[32mPASS[0m in 0.04s]
[0m19:05:44  130 of 162 PASS unique_fct_sales_lines_invoice_line_id ......................... [[32mPASS[0m in 0.05s]
[0m19:05:44  132 of 162 PASS unique_mart_cash_flow_monthly_month_start ...................... [[32mPASS[0m in 0.04s]
[0m19:05:44  134 of 162 START test not_null_mart_income_statement_monthly_month_start ....... [RUN]
[0m19:05:44  135 of 162 START test unique_mart_income_statement_monthly_month_start ......... [RUN]
[0m19:05:44  136 of 162 START test assert_ap_subledger_ties_to_gl ........................... [RUN]
[0m19:05:44  133 of 162 PASS non_negative_mart_income_statement_monthly_revenue ............. [[32mPASS[0m in 0.03s]
[0m19:05:44  137 of 162 START test assert_ar_subledger_ties_to_gl ........................... [RUN]
[0m19:05:44  135 of 162 PASS unique_mart_income_statement_monthly_month_start ............... [[32mPASS[0m in 0.04s]
[0m19:05:44  134 of 162 PASS not_null_mart_income_statement_monthly_month_start ............. [[32mPASS[0m in 0.04s]
[0m19:05:44  136 of 162 PASS assert_ap_subledger_ties_to_gl ................................. [[32mPASS[0m in 0.04s]
[0m19:05:45  138 of 162 START test assert_trial_balance_debits_equal_credits ................ [RUN]
[0m19:05:45  139 of 162 START test non_negative_mart_trial_balance_monthly_period_credits ... [RUN]
[0m19:05:45  140 of 162 START test non_negative_mart_trial_balance_monthly_period_debits .... [RUN]
[0m19:05:45  137 of 162 PASS assert_ar_subledger_ties_to_gl ................................. [[32mPASS[0m in 0.04s]
[0m19:05:45  141 of 162 START sql table model `lsmb_analytics`.`mart_abc_analysis` .......... [RUN]
[0m19:05:45  138 of 162 PASS assert_trial_balance_debits_equal_credits ...................... [[32mPASS[0m in 0.04s]
[0m19:05:45  139 of 162 PASS non_negative_mart_trial_balance_monthly_period_credits ......... [[32mPASS[0m in 0.04s]
[0m19:05:45  142 of 162 START sql table model `lsmb_analytics`.`mart_customer_profitability`  [RUN]
[0m19:05:45  140 of 162 PASS non_negative_mart_trial_balance_monthly_period_debits .......... [[32mPASS[0m in 0.05s]
[0m19:05:45  143 of 162 START sql table model `lsmb_analytics`.`mart_inventory_movements_monthly`  [RUN]
[0m19:05:45  144 of 162 START sql table model `lsmb_analytics`.`mart_inventory_position` .... [RUN]
[0m19:05:45  141 of 162 OK created sql table model `lsmb_analytics`.`mart_abc_analysis` ..... [[32mOK[0m in 0.09s]
[0m19:05:45  145 of 162 START sql table model `lsmb_analytics`.`mart_sales_by_part_group_monthly`  [RUN]
[0m19:05:45  144 of 162 OK created sql table model `lsmb_analytics`.`mart_inventory_position`  [[32mOK[0m in 0.10s]
[0m19:05:45  142 of 162 OK created sql table model `lsmb_analytics`.`mart_customer_profitability`  [[32mOK[0m in 0.12s]
[0m19:05:45  143 of 162 OK created sql table model `lsmb_analytics`.`mart_inventory_movements_monthly`  [[32mOK[0m in 0.12s]
[0m19:05:45  146 of 162 START sql table model `lsmb_analytics`.`mart_balance_sheet_monthly` . [RUN]
[0m19:05:45  147 of 162 START sql table model `lsmb_analytics`.`mart_working_capital_monthly`  [RUN]
[0m19:05:45  148 of 162 START test accepted_values_mart_abc_analysis_abc_class__A__B__C ..... [RUN]
[0m19:05:45  145 of 162 OK created sql table model `lsmb_analytics`.`mart_sales_by_part_group_monthly`  [[32mOK[0m in 0.09s]
[0m19:05:45  148 of 162 PASS accepted_values_mart_abc_analysis_abc_class__A__B__C ........... [[32mPASS[0m in 0.05s]
[0m19:05:45  149 of 162 START test not_null_mart_abc_analysis_part_id ....................... [RUN]
[0m19:05:45  150 of 162 START test unique_mart_abc_analysis_part_id ......................... [RUN]
[0m19:05:45  146 of 162 OK created sql table model `lsmb_analytics`.`mart_balance_sheet_monthly`  [[32mOK[0m in 0.17s]
[0m19:05:45  149 of 162 PASS not_null_mart_abc_analysis_part_id ............................. [[32mPASS[0m in 0.12s]
[0m19:05:45  150 of 162 PASS unique_mart_abc_analysis_part_id ............................... [[32mPASS[0m in 0.12s]
[0m19:05:45  147 of 162 OK created sql table model `lsmb_analytics`.`mart_working_capital_monthly`  [[32mOK[0m in 0.18s]
[0m19:05:45  151 of 162 START test assert_inventory_value_ties_to_gl ........................ [RUN]
[0m19:05:45  152 of 162 START test non_negative_mart_inventory_position_on_hand_quantity .... [RUN]
[0m19:05:45  153 of 162 START test not_null_mart_inventory_position_part_id ................. [RUN]
[0m19:05:45  154 of 162 START test unique_mart_inventory_position_part_id ................... [RUN]
[0m19:05:45  153 of 162 PASS not_null_mart_inventory_position_part_id ....................... [[32mPASS[0m in 0.04s]
[0m19:05:45  151 of 162 PASS assert_inventory_value_ties_to_gl .............................. [[32mPASS[0m in 0.04s]
[0m19:05:45  154 of 162 PASS unique_mart_inventory_position_part_id ......................... [[32mPASS[0m in 0.04s]
[0m19:05:45  152 of 162 PASS non_negative_mart_inventory_position_on_hand_quantity .......... [[32mPASS[0m in 0.04s]
[0m19:05:45  155 of 162 START test assert_inventory_movements_reconstruct_on_hand ........... [RUN]
[0m19:05:45  156 of 162 START test not_null_mart_customer_profitability_customer_id ......... [RUN]
[0m19:05:45  157 of 162 START test unique_mart_customer_profitability_customer_id ........... [RUN]
[0m19:05:45  158 of 162 START test assert_balance_sheet_balances ............................ [RUN]
[0m19:05:45  156 of 162 PASS not_null_mart_customer_profitability_customer_id ............... [[32mPASS[0m in 0.03s]
[0m19:05:45  155 of 162 PASS assert_inventory_movements_reconstruct_on_hand ................. [[32mPASS[0m in 0.04s]
[0m19:05:45  158 of 162 PASS assert_balance_sheet_balances .................................. [[32mPASS[0m in 0.04s]
[0m19:05:45  157 of 162 PASS unique_mart_customer_profitability_customer_id ................. [[32mPASS[0m in 0.04s]
[0m19:05:45  159 of 162 START test not_null_mart_balance_sheet_monthly_month_end ............ [RUN]
[0m19:05:45  160 of 162 START test unique_mart_balance_sheet_monthly_month_end .............. [RUN]
[0m19:05:45  161 of 162 START test not_null_mart_working_capital_monthly_month_start ........ [RUN]
[0m19:05:45  162 of 162 START test unique_mart_working_capital_monthly_month_start .......... [RUN]
[0m19:05:45  159 of 162 PASS not_null_mart_balance_sheet_monthly_month_end .................. [[32mPASS[0m in 0.04s]
[0m19:05:45  161 of 162 PASS not_null_mart_working_capital_monthly_month_start .............. [[32mPASS[0m in 0.04s]
[0m19:05:45  160 of 162 PASS unique_mart_balance_sheet_monthly_month_end .................... [[32mPASS[0m in 0.05s]
[0m19:05:45  162 of 162 PASS unique_mart_working_capital_monthly_month_start ................ [[32mPASS[0m in 0.04s]
[0m19:05:45  
[0m19:05:45  Finished running 26 table models, 124 data tests, 12 view models in 0 hours 0 minutes and 4.14 seconds (4.14s).
[0m19:05:45  
[0m19:05:45  [32mCompleted successfully[0m
[0m19:05:45  
[0m19:05:45  Done. PASS=162 WARN=0 ERROR=0 SKIP=0 NO-OP=0 TOTAL=162
