{'ap_invoices': 223, 'ar_invoices': 3238, 'customers': 60, 'gl_journals': 110, 'invoice_lines': 9726, 'parts': 114, 'payments_ap': 205, 'payments_ar': 2841, 'sales_orders': 2128, 'stock_counts': 6, 'vendors': 25} open AR: 397 open AP: 18
	Command being timed: ".venv/bin/python data_generator/generate.py"
	User time (seconds): 3.80
	System time (seconds): 1.80
	Percent of CPU this job got: 15%
	Elapsed (wall clock) time (h:mm:ss or m:ss): 0:36.41
	Average shared text size (kbytes): 0
	Average unshared data size (kbytes): 0
	Average stack size (kbytes): 0
	Average total size (kbytes): 0
	Maximum resident set size (kbytes): 38164
	Average resident set size (kbytes): 0
	Major (requiring I/O) page faults: 0
	Minor (reclaiming a frame) page faults: 5790
	Voluntary context switches: 70716
	Involuntary context switches: 835
	Swaps: 0
	File system inputs: 0
	File system outputs: 8
	Socket messages sent: 0
	Socket messages received: 0
	Signals delivered: 0
	Page size (bytes): 4096
	Exit status: 0
